Archive member included to satisfy reference by file (symbol)

c:/program files (x86)/atmel/studio/7.0/toolchain/arm/arm-gnu-toolchain/bin/../lib/gcc/arm-none-eabi/5.3.1/armv6-m\libgcc.a(_udivsi3.o)
                              AB1805.o (__aeabi_uidivmod)
c:/program files (x86)/atmel/studio/7.0/toolchain/arm/arm-gnu-toolchain/bin/../lib/gcc/arm-none-eabi/5.3.1/armv6-m\libgcc.a(_divsi3.o)
                              settings.o (__aeabi_idiv)
c:/program files (x86)/atmel/studio/7.0/toolchain/arm/arm-gnu-toolchain/bin/../lib/gcc/arm-none-eabi/5.3.1/armv6-m\libgcc.a(_dvmd_tls.o)
                              c:/program files (x86)/atmel/studio/7.0/toolchain/arm/arm-gnu-toolchain/bin/../lib/gcc/arm-none-eabi/5.3.1/armv6-m\libgcc.a(_udivsi3.o) (__aeabi_idiv0)
c:/program files (x86)/atmel/studio/7.0/toolchain/arm/arm-gnu-toolchain/bin/../lib/gcc/arm-none-eabi/5.3.1/../../../../arm-none-eabi/lib/armv6-m\libc.a(lib_a-exit.o)
                              c:/program files (x86)/atmel/studio/7.0/toolchain/arm/arm-gnu-toolchain/bin/../lib/gcc/arm-none-eabi/5.3.1/../../../../arm-none-eabi/lib/armv6-m/crt0.o (exit)
c:/program files (x86)/atmel/studio/7.0/toolchain/arm/arm-gnu-toolchain/bin/../lib/gcc/arm-none-eabi/5.3.1/../../../../arm-none-eabi/lib/armv6-m\libc.a(lib_a-impure.o)
                              c:/program files (x86)/atmel/studio/7.0/toolchain/arm/arm-gnu-toolchain/bin/../lib/gcc/arm-none-eabi/5.3.1/../../../../arm-none-eabi/lib/armv6-m\libc.a(lib_a-exit.o) (_global_impure_ptr)
c:/program files (x86)/atmel/studio/7.0/toolchain/arm/arm-gnu-toolchain/bin/../lib/gcc/arm-none-eabi/5.3.1/../../../../arm-none-eabi/lib/armv6-m\libc.a(lib_a-init.o)
                              c:/program files (x86)/atmel/studio/7.0/toolchain/arm/arm-gnu-toolchain/bin/../lib/gcc/arm-none-eabi/5.3.1/../../../../arm-none-eabi/lib/armv6-m/crt0.o (__libc_init_array)
c:/program files (x86)/atmel/studio/7.0/toolchain/arm/arm-gnu-toolchain/bin/../lib/gcc/arm-none-eabi/5.3.1/../../../../arm-none-eabi/lib/armv6-m\libc.a(lib_a-memset.o)
                              c:/program files (x86)/atmel/studio/7.0/toolchain/arm/arm-gnu-toolchain/bin/../lib/gcc/arm-none-eabi/5.3.1/../../../../arm-none-eabi/lib/armv6-m/crt0.o (memset)
c:/program files (x86)/atmel/studio/7.0/toolchain/arm/arm-gnu-toolchain/bin/../lib/gcc/arm-none-eabi/5.3.1/../../../../arm-none-eabi/lib/armv6-m\libc.a(lib_a-__call_atexit.o)
                              c:/program files (x86)/atmel/studio/7.0/toolchain/arm/arm-gnu-toolchain/bin/../lib/gcc/arm-none-eabi/5.3.1/../../../../arm-none-eabi/lib/armv6-m\libc.a(lib_a-exit.o) (__call_exitprocs)
c:/program files (x86)/atmel/studio/7.0/toolchain/arm/arm-gnu-toolchain/bin/../lib/gcc/arm-none-eabi/5.3.1/../../../../arm-none-eabi/lib/armv6-m\libc.a(lib_a-atexit.o)
                              c:/program files (x86)/atmel/studio/7.0/toolchain/arm/arm-gnu-toolchain/bin/../lib/gcc/arm-none-eabi/5.3.1/../../../../arm-none-eabi/lib/armv6-m\libc.a(lib_a-__call_atexit.o) (atexit)
c:/program files (x86)/atmel/studio/7.0/toolchain/arm/arm-gnu-toolchain/bin/../lib/gcc/arm-none-eabi/5.3.1/../../../../arm-none-eabi/lib/armv6-m\libc.a(lib_a-fini.o)
                              c:/program files (x86)/atmel/studio/7.0/toolchain/arm/arm-gnu-toolchain/bin/../lib/gcc/arm-none-eabi/5.3.1/../../../../arm-none-eabi/lib/armv6-m\libc.a(lib_a-__call_atexit.o) (__libc_fini_array)
c:/program files (x86)/atmel/studio/7.0/toolchain/arm/arm-gnu-toolchain/bin/../lib/gcc/arm-none-eabi/5.3.1/../../../../arm-none-eabi/lib/armv6-m\libc.a(lib_a-__atexit.o)
                              c:/program files (x86)/atmel/studio/7.0/toolchain/arm/arm-gnu-toolchain/bin/../lib/gcc/arm-none-eabi/5.3.1/../../../../arm-none-eabi/lib/armv6-m\libc.a(lib_a-atexit.o) (__register_exitproc)

Allocating common symbols
Common symbol       size              file

_year               0x1               AB1805.o
_date               0x1               AB1805.o
_10ms               0x2               AB1805.o
_alarm_day          0x1               AB1805.o
_alarm_hour         0x1               AB1805.o
new_data            0x1               AB1805.o
_day                0x1               AB1805.o
TaxCounter          0x2               AB1805.o
Sekunde             0x2               AB1805.o
_alarm_date         0x1               AB1805.o
_hour               0x1               AB1805.o
recievedata         0x1e              AB1805.o
senddata            0x1e              AB1805.o
_alarm_month        0x1               AB1805.o
_alarm_year         0x1               AB1805.o
_month              0x1               AB1805.o
DateString          0x11              AB1805.o
TaxState            0x1               AB1805.o
_alarm_seconds      0x1               AB1805.o
_alarm_minutes      0x1               AB1805.o
_minutes            0x1               AB1805.o
_seconds            0x1               AB1805.o
recieve_counter     0x1               AB1805.o

[...]
Memory Configuration

Name             Origin             Length             Attributes
rom              0x00000000         0x00040000         xr
ram              0x20000000         0x00008000         xrw
*default*        0x00000000         0xffffffff

Linker script and memory map

LOAD c:/program files (x86)/atmel/studio/7.0/toolchain/arm/arm-gnu-toolchain/bin/../lib/gcc/arm-none-eabi/5.3.1/armv6-m/crti.o
LOAD c:/program files (x86)/atmel/studio/7.0/toolchain/arm/arm-gnu-toolchain/bin/../lib/gcc/arm-none-eabi/5.3.1/armv6-m/crtbegin.o
LOAD c:/program files (x86)/atmel/studio/7.0/toolchain/arm/arm-gnu-toolchain/bin/../lib/gcc/arm-none-eabi/5.3.1/../../../../arm-none-eabi/lib/armv6-m/crt0.o
LOAD AB1805.o
LOAD Device_Startup/startup_samd21.o
LOAD Device_Startup/system_samd21.o
LOAD i2c.o
LOAD main.o
LOAD settings.o
LOAD time.o
LOAD uart.o
LOAD ui.o
START GROUP
LOAD c:/program files (x86)/atmel/studio/7.0/toolchain/arm/arm-gnu-toolchain/bin/../lib/gcc/arm-none-eabi/5.3.1/../../../../arm-none-eabi/lib/armv6-m\libm.a
END GROUP
START GROUP
LOAD c:/program files (x86)/atmel/studio/7.0/toolchain/arm/arm-gnu-toolchain/bin/../lib/gcc/arm-none-eabi/5.3.1/armv6-m\libgcc.a
LOAD c:/program files (x86)/atmel/studio/7.0/toolchain/arm/arm-gnu-toolchain/bin/../lib/gcc/arm-none-eabi/5.3.1/../../../../arm-none-eabi/lib/armv6-m\libc.a
END GROUP
LOAD c:/program files (x86)/atmel/studio/7.0/toolchain/arm/arm-gnu-toolchain/bin/../lib/gcc/arm-none-eabi/5.3.1/armv6-m/crtend.o
LOAD c:/program files (x86)/atmel/studio/7.0/toolchain/arm/arm-gnu-toolchain/bin/../lib/gcc/arm-none-eabi/5.3.1/armv6-m/crtn.o
                0x00002000                STACK_SIZE = DEFINED (STACK_SIZE)?STACK_SIZE:DEFINED (__stack_size__)?__stack_size__:0x2000

.text           0x00000000     0x11a0
                0x00000000                . = ALIGN (0x4)
                0x00000000                _sfixed = .
 *(.vectors .vectors.*)
 .vectors       0x00000000       0xb4 Device_Startup/startup_samd21.o
                0x00000000                exception_table
 *(.text .text.* .gnu.linkonce.t.*)
 .text          0x000000b4       0x60 c:/program files (x86)/atmel/studio/7.0/toolchain/arm/arm-gnu-toolchain/bin/../lib/gcc/arm-none-eabi/5.3.1/armv6-m/crtbegin.o
 .text.read_rtc_register
                0x00000114       0x30 AB1805.o
                0x00000114                read_rtc_register
 .text.write_rtc_register
                0x00000144       0x20 AB1805.o
                0x00000144                write_rtc_register
 .text.InitAB1805
                0x00000164       0x30 AB1805.o
                0x00000164                InitAB1805
 .text.get_second
                0x00000194       0x14 AB1805.o
                0x00000194                get_second
 .text.get_minute
                0x000001a8       0x14 AB1805.o
                0x000001a8                get_minute
 .text.get_hour
                0x000001bc       0x14 AB1805.o
                0x000001bc                get_hour
 .text.get_date
                0x000001d0       0x14 AB1805.o
                0x000001d0                get_date
 .text.get_month
                0x000001e4       0x14 AB1805.o
                0x000001e4                get_month
 .text.get_year
                0x000001f8       0x10 AB1805.o
                0x000001f8                get_year
 .text.set_second
                0x00000208       0x28 AB1805.o
                0x00000208                set_second
 .text.set_minute
                0x00000230       0x28 AB1805.o
                0x00000230                set_minute
 .text.set_hour
                0x00000258       0x28 AB1805.o
                0x00000258                set_hour
 .text.set_day  0x00000280       0x20 AB1805.o
                0x00000280                set_day
 .text.set_date
                0x000002a0       0x28 AB1805.o
                0x000002a0                set_date
 .text.set_month
                0x000002c8       0x28 AB1805.o
                0x000002c8                set_month
 .text.set_year
                0x000002f0       0x18 AB1805.o
                0x000002f0                set_year
 .text.set_datetime
                0x00000308       0x60 AB1805.o
                0x00000308                set_datetime
 .text.get_date_string
                0x00000368      0x118 AB1805.o
                0x00000368                get_date_string
 .text.Dummy_Handler
                0x00000480        0x4 Device_Startup/startup_samd21.o
                0x00000480                DMAC_Handler
                0x00000480                HardFault_Handler
                0x00000480                AC_Handler
                0x00000480                SysTick_Handler
                0x00000480                PendSV_Handler
                0x00000480                NMI_Handler
                0x00000480                TC7_Handler
                0x00000480                SERCOM1_Handler
                0x00000480                ADC_Handler
                0x00000480                TCC1_Handler
                0x00000480                SERCOM2_Handler
                0x00000480                TCC0_Handler
                0x00000480                RTC_Handler
                0x00000480                EIC_Handler
                0x00000480                TC6_Handler
                0x00000480                WDT_Handler
                0x00000480                TC4_Handler
                0x00000480                USB_Handler
                0x00000480                Dummy_Handler
                0x00000480                PM_Handler
                0x00000480                SERCOM5_Handler
                0x00000480                SVC_Handler
                0x00000480                TCC2_Handler
                0x00000480                EVSYS_Handler
                0x00000480                SERCOM4_Handler
                0x00000480                I2S_Handler
                0x00000480                NVMCTRL_Handler
                0x00000480                SERCOM0_Handler
                0x00000480                DAC_Handler
                0x00000480                PTC_Handler
                0x00000480                TC5_Handler
                0x00000480                SYSCTRL_Handler
 .text.Reset_Handler
                0x00000484       0xf8 Device_Startup/startup_samd21.o
                0x00000484                Reset_Handler
 .text.SystemInit
                0x0000057c       0x10 Device_Startup/system_samd21.o
                0x0000057c                SystemInit
 .text.InitI2C  0x0000058c       0x58 i2c.o
                0x0000058c                InitI2C
 .text.i2c_write
                0x000005e4       0x78 i2c.o
                0x000005e4                i2c_write
 .text.i2c_read
                0x0000065c       0x80 i2c.o
                0x0000065c                i2c_read
 .text.enable_interrupts
                0x000006dc       0x14 main.o
                0x000006dc                enable_interrupts
 .text.main     0x000006f0       0x74 main.o
                0x000006f0                main
 .text.InitPorts
                0x00000764       0x7c settings.o
                0x00000764                InitPorts
 .text.InitClocks
                0x000007e0       0x44 settings.o
                0x000007e0                InitClocks
 .text.Value2String
                0x00000824      0x170 settings.o
                0x00000824                Value2String
 .text.Init10msTimer
                0x00000994       0x5c time.o
                0x00000994                Init10msTimer
 .text.TimerAkt
                0x000009f0       0x2c time.o
                0x000009f0                TimerAkt
 .text.TC3_Handler
                0x00000a1c       0x48 time.o
                0x00000a1c                TC3_Handler
 .text.InitUART
                0x00000a64       0x60 uart.o
                0x00000a64                InitUART
 .text.uart_write
                0x00000ac4       0x2c uart.o
                0x00000ac4                uart_write
 .text.SERCOM3_Handler
                0x00000af0       0x50 uart.o
                0x00000af0                SERCOM3_Handler
 .text.SetCounterState
                0x00000b40       0xd4 ui.o
                0x00000b40                SetCounterState
 .text.ActCounter
                0x00000c14       0x78 ui.o
                0x00000c14                ActCounter
 .text.ReadTasten
                0x00000c8c       0x54 ui.o
                0x00000c8c                ReadTasten
 .text          0x00000ce0      0x114 c:/program files (x86)/atmel/studio/7.0/toolchain/arm/arm-gnu-toolchain/bin/../lib/gcc/arm-none-eabi/5.3.1/armv6-m\libgcc.a(_udivsi3.o)
                0x00000ce0                __aeabi_uidiv
                0x00000ce0                __udivsi3
                0x00000dec                __aeabi_uidivmod
 .text          0x00000df4      0x1d4 c:/program files (x86)/atmel/studio/7.0/toolchain/arm/arm-gnu-toolchain/bin/../lib/gcc/arm-none-eabi/5.3.1/armv6-m\libgcc.a(_divsi3.o)
                0x00000df4                __divsi3
                0x00000df4                __aeabi_idiv
                0x00000fc0                __aeabi_idivmod
 .text          0x00000fc8        0x4 c:/program files (x86)/atmel/studio/7.0/toolchain/arm/arm-gnu-toolchain/bin/../lib/gcc/arm-none-eabi/5.3.1/armv6-m\libgcc.a(_dvmd_tls.o)
                0x00000fc8                __aeabi_idiv0
                0x00000fc8                __aeabi_ldiv0
 .text.__libc_init_array
                0x00000fcc       0x48 c:/program files (x86)/atmel/studio/7.0/toolchain/arm/arm-gnu-toolchain/bin/../lib/gcc/arm-none-eabi/5.3.1/../../../../arm-none-eabi/lib/armv6-m\libc.a(lib_a-init.o)
                0x00000fcc                __libc_init_array
 .text.startup.register_fini
                0x00001014       0x18 c:/program files (x86)/atmel/studio/7.0/toolchain/arm/arm-gnu-toolchain/bin/../lib/gcc/arm-none-eabi/5.3.1/../../../../arm-none-eabi/lib/armv6-m\libc.a(lib_a-__call_atexit.o)
 .text.atexit   0x0000102c       0x10 c:/program files (x86)/atmel/studio/7.0/toolchain/arm/arm-gnu-toolchain/bin/../lib/gcc/arm-none-eabi/5.3.1/../../../../arm-none-eabi/lib/armv6-m\libc.a(lib_a-atexit.o)
                0x0000102c                atexit
 .text.__libc_fini_array
                0x0000103c       0x34 c:/program files (x86)/atmel/studio/7.0/toolchain/arm/arm-gnu-toolchain/bin/../lib/gcc/arm-none-eabi/5.3.1/../../../../arm-none-eabi/lib/armv6-m\libc.a(lib_a-fini.o)
                0x0000103c                __libc_fini_array
 .text.__register_exitproc
                0x00001070       0xd4 c:/program files (x86)/atmel/studio/7.0/toolchain/arm/arm-gnu-toolchain/bin/../lib/gcc/arm-none-eabi/5.3.1/../../../../arm-none-eabi/lib/armv6-m\libc.a(lib_a-__atexit.o)
                0x00001070                __register_exitproc
 *(.glue_7t)
 .glue_7t       0x00001144        0x0 linker stubs
 *(.glue_7)
 .glue_7        0x00001144        0x0 linker stubs
 *(.rodata .rodata* .gnu.linkonce.r.*)
 .rodata.cst2   0x00001144        0x4 settings.o
 .rodata        0x00001148       0x2c ui.o
 .rodata.str1.4
                0x00001174        0x4 c:/program files (x86)/atmel/studio/7.0/toolchain/arm/arm-gnu-toolchain/bin/../lib/gcc/arm-none-eabi/5.3.1/../../../../arm-none-eabi/lib/armv6-m\libc.a(lib_a-impure.o)
                                  0x2 (size before relaxing)
 .rodata._global_impure_ptr
                0x00001178        0x4 c:/program files (x86)/atmel/studio/7.0/toolchain/arm/arm-gnu-toolchain/bin/../lib/gcc/arm-none-eabi/5.3.1/../../../../arm-none-eabi/lib/armv6-m\libc.a(lib_a-impure.o)
                0x00001178                _global_impure_ptr
 *(.ARM.extab* .gnu.linkonce.armextab.*)
                0x0000117c                . = ALIGN (0x4)
 *(.init)
 .init          0x0000117c        0x4 c:/program files (x86)/atmel/studio/7.0/toolchain/arm/arm-gnu-toolchain/bin/../lib/gcc/arm-none-eabi/5.3.1/armv6-m/crti.o
                0x0000117c                _init
 .init          0x00001180        0x8 c:/program files (x86)/atmel/studio/7.0/toolchain/arm/arm-gnu-toolchain/bin/../lib/gcc/arm-none-eabi/5.3.1/armv6-m/crtn.o
                0x00001188                . = ALIGN (0x4)
                0x00001188                __preinit_array_start = .
 *(.preinit_array)
                0x00001188                __preinit_array_end = .
                0x00001188                . = ALIGN (0x4)
                0x00001188                __init_array_start = .
 *(SORT(.init_array.*))
 .init_array.00000
                0x00001188        0x4 c:/program files (x86)/atmel/studio/7.0/toolchain/arm/arm-gnu-toolchain/bin/../lib/gcc/arm-none-eabi/5.3.1/../../../../arm-none-eabi/lib/armv6-m\libc.a(lib_a-__call_atexit.o)
 *(.init_array)
 .init_array    0x0000118c        0x4 c:/program files (x86)/atmel/studio/7.0/toolchain/arm/arm-gnu-toolchain/bin/../lib/gcc/arm-none-eabi/5.3.1/armv6-m/crtbegin.o
                0x00001190                __init_array_end = .
                0x00001190                . = ALIGN (0x4)
 *crtbegin.o(.ctors)
 *(EXCLUDE_FILE(*crtend.o) .ctors)
 *(SORT(.ctors.*))
 *crtend.o(.ctors)
                0x00001190                . = ALIGN (0x4)
 *(.fini)
 .fini          0x00001190        0x4 c:/program files (x86)/atmel/studio/7.0/toolchain/arm/arm-gnu-toolchain/bin/../lib/gcc/arm-none-eabi/5.3.1/armv6-m/crti.o
                0x00001190                _fini
 .fini          0x00001194        0x8 c:/program files (x86)/atmel/studio/7.0/toolchain/arm/arm-gnu-toolchain/bin/../lib/gcc/arm-none-eabi/5.3.1/armv6-m/crtn.o
                0x0000119c                . = ALIGN (0x4)
                0x0000119c                __fini_array_start = .
 *(.fini_array)
 .fini_array    0x0000119c        0x4 c:/program files (x86)/atmel/studio/7.0/toolchain/arm/arm-gnu-toolchain/bin/../lib/gcc/arm-none-eabi/5.3.1/armv6-m/crtbegin.o
 *(SORT(.fini_array.*))
                0x000011a0                __fini_array_end = .
 *crtbegin.o(.dtors)
 *(EXCLUDE_FILE(*crtend.o) .dtors)
 *(SORT(.dtors.*))
 *crtend.o(.dtors)
                0x000011a0                . = ALIGN (0x4)
                0x000011a0                _efixed = .
                [!provide]                PROVIDE (__exidx_start, .)

.vfp11_veneer   0x000011a0        0x0
 .vfp11_veneer  0x000011a0        0x0 linker stubs

.v4_bx          0x000011a0        0x0
 .v4_bx         0x000011a0        0x0 linker stubs

.iplt           0x000011a0        0x0
 .iplt          0x000011a0        0x0 c:/program files (x86)/atmel/studio/7.0/toolchain/arm/arm-gnu-toolchain/bin/../lib/gcc/arm-none-eabi/5.3.1/armv6-m/crtbegin.o

.eh_frame       0x000011a0        0x0
 .eh_frame      0x000011a0        0x0 c:/program files (x86)/atmel/studio/7.0/toolchain/arm/arm-gnu-toolchain/bin/../lib/gcc/arm-none-eabi/5.3.1/armv6-m/crtbegin.o

.rel.dyn        0x000011a0        0x0
 .rel.iplt      0x000011a0        0x0 c:/program files (x86)/atmel/studio/7.0/toolchain/arm/arm-gnu-toolchain/bin/../lib/gcc/arm-none-eabi/5.3.1/armv6-m/crtbegin.o

.jcr            0x000011a0        0x0
 .jcr           0x000011a0        0x0 c:/program files (x86)/atmel/studio/7.0/toolchain/arm/arm-gnu-toolchain/bin/../lib/gcc/arm-none-eabi/5.3.1/armv6-m/crtbegin.o

.igot.plt       0x000011a0        0x0
 .igot.plt      0x000011a0        0x0 c:/program files (x86)/atmel/studio/7.0/toolchain/arm/arm-gnu-toolchain/bin/../lib/gcc/arm-none-eabi/5.3.1/armv6-m/crtbegin.o

.ARM.exidx
 *(.ARM.exidx* .gnu.linkonce.armexidx.*)
                [!provide]                PROVIDE (__exidx_end, .)
                0x000011a0                . = ALIGN (0x4)
                0x000011a0                _etext = .

.relocate       0x20000000      0x430 load address 0x000011a0
                0x20000000                . = ALIGN (0x4)
                0x20000000                _srelocate = .
 *(.ramfunc .ramfunc.*)
 *(.data .data.*)
 .data          0x20000000        0x4 Device_Startup/system_samd21.o
                0x20000000                SystemCoreClock
 *fill*         0x20000004        0x4 
 .data.impure_data
                0x20000008      0x428 c:/program files (x86)/atmel/studio/7.0/toolchain/arm/arm-gnu-toolchain/bin/../lib/gcc/arm-none-eabi/5.3.1/../../../../arm-none-eabi/lib/armv6-m\libc.a(lib_a-impure.o)
                0x20000430                . = ALIGN (0x4)
                0x20000430                _erelocate = .

.bss            0x20000430       0x90 load address 0x000015d0
                0x20000430                . = ALIGN (0x4)
                0x20000430                _sbss = .
                0x20000430                _szero = .
 *(.bss .bss.*)
 .bss           0x20000430       0x1c c:/program files (x86)/atmel/studio/7.0/toolchain/arm/arm-gnu-toolchain/bin/../lib/gcc/arm-none-eabi/5.3.1/armv6-m/crtbegin.o
 .bss           0x2000044c        0x2 time.o
 *(COMMON)
 *fill*         0x2000044e        0x2 
 COMMON         0x20000450       0x6e AB1805.o
                0x20000450                _year
                0x20000451                _date
                0x20000452                _10ms
                0x20000454                _alarm_day
                0x20000455                _alarm_hour
                0x20000456                new_data
                0x20000457                _day
                0x20000458                TaxCounter
                0x2000045a                Sekunde
                0x2000045c                _alarm_date
                0x2000045d                _hour
                0x20000460                recievedata
                0x20000480                senddata
                0x2000049e                _alarm_month
                0x2000049f                _alarm_year
                0x200004a0                _month
                0x200004a4                DateString
                0x200004b8                TaxState
                0x200004b9                _alarm_seconds
                0x200004ba                _alarm_minutes
                0x200004bb                _minutes
                0x200004bc                _seconds
                0x200004bd                recieve_counter
                0x200004c0                . = ALIGN (0x4)
 *fill*         0x200004be        0x2 
                0x200004c0                _ebss = .
                0x200004c0                _ezero = .

.stack          0x200004c0     0x2000 load address 0x00001660
                0x200004c0                . = ALIGN (0x8)
                0x200004c0                _sstack = .
                0x200024c0                . = (. + STACK_SIZE)
 *fill*         0x200004c0     0x2000 
                0x200024c0                . = ALIGN (0x8)
                0x200024c0                _estack = .
                0x200024c0                . = ALIGN (0x4)
                0x200024c0                _end = .
OUTPUT(Firmware_Drugstore.elf elf32-littlearm)

.ARM.attributes
                0x00000000       0x28
 .ARM.attributes
                0x00000000       0x1e c:/program files (x86)/atmel/studio/7.0/toolchain/arm/arm-gnu-toolchain/bin/../lib/gcc/arm-none-eabi/5.3.1/armv6-m/crti.o
 .ARM.attributes
                0x0000001e       0x2c c:/program files (x86)/atmel/studio/7.0/toolchain/arm/arm-gnu-toolchain/bin/../lib/gcc/arm-none-eabi/5.3.1/armv6-m/crtbegin.o
 .ARM.attributes
                0x0000004a       0x32 AB1805.o
 .ARM.attributes
                0x0000007c       0x32 Device_Startup/startup_samd21.o
 .ARM.attributes
                0x000000ae       0x32 Device_Startup/system_samd21.o
 .ARM.attributes
                0x000000e0       0x32 i2c.o
 .ARM.attributes
                0x00000112       0x32 main.o
 .ARM.attributes
                0x00000144       0x32 settings.o
 .ARM.attributes
                0x00000176       0x32 time.o
 .ARM.attributes
                0x000001a8       0x32 uart.o
 .ARM.attributes
                0x000001da       0x32 ui.o
 .ARM.attributes
                0x0000020c       0x1e c:/program files (x86)/atmel/studio/7.0/toolchain/arm/arm-gnu-toolchain/bin/../lib/gcc/arm-none-eabi/5.3.1/armv6-m\libgcc.a(_udivsi3.o)
 .ARM.attributes
                0x0000022a       0x1e c:/program files (x86)/atmel/studio/7.0/toolchain/arm/arm-gnu-toolchain/bin/../lib/gcc/arm-none-eabi/5.3.1/armv6-m\libgcc.a(_divsi3.o)
 .ARM.attributes
                0x00000248       0x1e c:/program files (x86)/atmel/studio/7.0/toolchain/arm/arm-gnu-toolchain/bin/../lib/gcc/arm-none-eabi/5.3.1/armv6-m\libgcc.a(_dvmd_tls.o)
 .ARM.attributes
                0x00000266       0x2c c:/program files (x86)/atmel/studio/7.0/toolchain/arm/arm-gnu-toolchain/bin/../lib/gcc/arm-none-eabi/5.3.1/../../../../arm-none-eabi/lib/armv6-m\libc.a(lib_a-impure.o)
 .ARM.attributes
                0x00000292       0x2c c:/program files (x86)/atmel/studio/7.0/toolchain/arm/arm-gnu-toolchain/bin/../lib/gcc/arm-none-eabi/5.3.1/../../../../arm-none-eabi/lib/armv6-m\libc.a(lib_a-init.o)
 .ARM.attributes
                0x000002be       0x2c c:/program files (x86)/atmel/studio/7.0/toolchain/arm/arm-gnu-toolchain/bin/../lib/gcc/arm-none-eabi/5.3.1/../../../../arm-none-eabi/lib/armv6-m\libc.a(lib_a-__call_atexit.o)
 .ARM.attributes
                0x000002ea       0x2c c:/program files (x86)/atmel/studio/7.0/toolchain/arm/arm-gnu-toolchain/bin/../lib/gcc/arm-none-eabi/5.3.1/../../../../arm-none-eabi/lib/armv6-m\libc.a(lib_a-atexit.o)
 .ARM.attributes
                0x00000316       0x2c c:/program files (x86)/atmel/studio/7.0/toolchain/arm/arm-gnu-toolchain/bin/../lib/gcc/arm-none-eabi/5.3.1/../../../../arm-none-eabi/lib/armv6-m\libc.a(lib_a-fini.o)
 .ARM.attributes
                0x00000342       0x2c c:/program files (x86)/atmel/studio/7.0/toolchain/arm/arm-gnu-toolchain/bin/../lib/gcc/arm-none-eabi/5.3.1/../../../../arm-none-eabi/lib/armv6-m\libc.a(lib_a-__atexit.o)
 .ARM.attributes
                0x0000036e       0x1e c:/program files (x86)/atmel/studio/7.0/toolchain/arm/arm-gnu-toolchain/bin/../lib/gcc/arm-none-eabi/5.3.1/armv6-m/crtn.o

.comment        0x00000000       0x59
 .comment       0x00000000       0x59 AB1805.o
                                 0x5a (size before relaxing)
 .comment       0x00000059       0x5a Device_Startup/startup_samd21.o
 .comment       0x00000059       0x5a Device_Startup/system_samd21.o
 .comment       0x00000059       0x5a i2c.o
 .comment       0x00000059       0x5a main.o
 .comment       0x00000059       0x5a settings.o
 .comment       0x00000059       0x5a time.o
 .comment       0x00000059       0x5a uart.o
 .comment       0x00000059       0x5a ui.o

.debug_info     0x00000000     0xe3b5
 .debug_info    0x00000000      0xeab AB1805.o
 .debug_info    0x00000eab     0x3a68 Device_Startup/startup_samd21.o
 .debug_info    0x00004913       0xcd Device_Startup/system_samd21.o
 .debug_info    0x000049e0     0x2a39 i2c.o
 .debug_info    0x00007419      0x5fb main.o
 .debug_info    0x00007a14     0x1caf settings.o
 .debug_info    0x000096c3     0x1896 time.o
 .debug_info    0x0000af59     0x297f uart.o
 .debug_info    0x0000d8d8      0xadd ui.o

.debug_abbrev   0x00000000      0xe85
 .debug_abbrev  0x00000000      0x178 AB1805.o
 .debug_abbrev  0x00000178      0x217 Device_Startup/startup_samd21.o
 .debug_abbrev  0x0000038f       0x65 Device_Startup/system_samd21.o
 .debug_abbrev  0x000003f4      0x1bb i2c.o
 .debug_abbrev  0x000005af      0x1a7 main.o
 .debug_abbrev  0x00000756      0x1c1 settings.o
 .debug_abbrev  0x00000917      0x1a0 time.o
 .debug_abbrev  0x00000ab7      0x192 uart.o
 .debug_abbrev  0x00000c49      0x23c ui.o

.debug_loc      0x00000000     0x1034
 .debug_loc     0x00000000      0x9f1 AB1805.o
 .debug_loc     0x000009f1       0x20 Device_Startup/startup_samd21.o
 .debug_loc     0x00000a11      0x12f i2c.o
 .debug_loc     0x00000b40       0x8a main.o
 .debug_loc     0x00000bca      0x2d6 settings.o
 .debug_loc     0x00000ea0       0x20 time.o
 .debug_loc     0x00000ec0       0x94 uart.o
 .debug_loc     0x00000f54       0xe0 ui.o

.debug_aranges  0x00000000      0x2b8
 .debug_aranges
                0x00000000      0x128 AB1805.o
 .debug_aranges
                0x00000128       0x28 Device_Startup/startup_samd21.o
 .debug_aranges
                0x00000150       0x28 Device_Startup/system_samd21.o
 .debug_aranges
                0x00000178       0x48 i2c.o
 .debug_aranges
                0x000001c0       0x28 main.o
 .debug_aranges
                0x000001e8       0x30 settings.o
 .debug_aranges
                0x00000218       0x30 time.o
 .debug_aranges
                0x00000248       0x30 uart.o
 .debug_aranges
                0x00000278       0x40 ui.o

.debug_ranges   0x00000000      0x240
 .debug_ranges  0x00000000      0x118 AB1805.o
 .debug_ranges  0x00000118       0x18 Device_Startup/startup_samd21.o
 .debug_ranges  0x00000130       0x18 Device_Startup/system_samd21.o
 .debug_ranges  0x00000148       0x38 i2c.o
 .debug_ranges  0x00000180       0x30 main.o
 .debug_ranges  0x000001b0       0x20 settings.o
 .debug_ranges  0x000001d0       0x20 time.o
 .debug_ranges  0x000001f0       0x20 uart.o
 .debug_ranges  0x00000210       0x30 ui.o

.debug_macro    0x00000000    0x12b94
 .debug_macro   0x00000000      0x31f AB1805.o
 .debug_macro   0x0000031f      0x826 AB1805.o
 .debug_macro   0x00000b45       0x22 AB1805.o
 .debug_macro   0x00000b67       0x87 AB1805.o
 .debug_macro   0x00000bee       0x44 AB1805.o
 .debug_macro   0x00000c32       0xfd AB1805.o
 .debug_macro   0x00000d2f       0x22 AB1805.o
 .debug_macro   0x00000d51      0x1df AB1805.o
 .debug_macro   0x00000f30       0x40 AB1805.o
 .debug_macro   0x00000f70       0x3a AB1805.o
 .debug_macro   0x00000faa       0x1f AB1805.o
 .debug_macro   0x00000fc9      0x250 AB1805.o
 .debug_macro   0x00001219      0x67d AB1805.o
 .debug_macro   0x00001896      0x8b0 AB1805.o
 .debug_macro   0x00002146      0x22e AB1805.o
 .debug_macro   0x00002374      0xd5c AB1805.o
 .debug_macro   0x000030d0      0x4c6 AB1805.o
 .debug_macro   0x00003596      0x9f6 AB1805.o
 .debug_macro   0x00003f8c      0x82a AB1805.o
 .debug_macro   0x000047b6      0x450 AB1805.o
 .debug_macro   0x00004c06       0x5e AB1805.o
 .debug_macro   0x00004c64      0x8f8 AB1805.o
 .debug_macro   0x0000555c      0x21c AB1805.o
 .debug_macro   0x00005778      0x734 AB1805.o
 .debug_macro   0x00005eac       0x5e AB1805.o
 .debug_macro   0x00005f0a      0x631 AB1805.o
 .debug_macro   0x0000653b      0x3ab AB1805.o
 .debug_macro   0x000068e6      0xc75 AB1805.o
 .debug_macro   0x0000755b     0x1092 AB1805.o
 .debug_macro   0x000085ed      0xc4a AB1805.o
 .debug_macro   0x00009237      0x6ba AB1805.o
 .debug_macro   0x000098f1     0x1b3c AB1805.o
 .debug_macro   0x0000b42d     0x143b AB1805.o
 .debug_macro   0x0000c868      0x33f AB1805.o
 .debug_macro   0x0000cba7       0x7c AB1805.o
 .debug_macro   0x0000cc23       0xa0 AB1805.o
 .debug_macro   0x0000ccc3       0x4c AB1805.o
 .debug_macro   0x0000cd0f       0xca AB1805.o
 .debug_macro   0x0000cdd9       0x94 AB1805.o
 .debug_macro   0x0000ce6d       0x58 AB1805.o
 .debug_macro   0x0000cec5      0x340 AB1805.o
 .debug_macro   0x0000d205       0x82 AB1805.o
 .debug_macro   0x0000d287      0x188 AB1805.o
 .debug_macro   0x0000d40f       0xb8 AB1805.o
 .debug_macro   0x0000d4c7       0xa0 AB1805.o
 .debug_macro   0x0000d567       0xb2 AB1805.o
 .debug_macro   0x0000d619       0x1c AB1805.o
 .debug_macro   0x0000d635       0x1c AB1805.o
 .debug_macro   0x0000d651       0x1c AB1805.o
 .debug_macro   0x0000d66d       0x7c AB1805.o
 .debug_macro   0x0000d6e9      0x15a AB1805.o
 .debug_macro   0x0000d843       0xdc AB1805.o
 .debug_macro   0x0000d91f      0x124 AB1805.o
 .debug_macro   0x0000da43      0x124 AB1805.o
 .debug_macro   0x0000db67      0x124 AB1805.o
 .debug_macro   0x0000dc8b      0x124 AB1805.o
 .debug_macro   0x0000ddaf      0x124 AB1805.o
 .debug_macro   0x0000ded3      0x124 AB1805.o
 .debug_macro   0x0000dff7      0x124 AB1805.o
 .debug_macro   0x0000e11b       0xe2 AB1805.o
 .debug_macro   0x0000e1fd       0xe2 AB1805.o
 .debug_macro   0x0000e2df       0xe2 AB1805.o
 .debug_macro   0x0000e3c1       0xe2 AB1805.o
 .debug_macro   0x0000e4a3       0xe2 AB1805.o
 .debug_macro   0x0000e585      0x12a AB1805.o
 .debug_macro   0x0000e6af      0x100 AB1805.o
 .debug_macro   0x0000e7af       0xf4 AB1805.o
 .debug_macro   0x0000e8a3      0x40f AB1805.o
 .debug_macro   0x0000ecb2       0x40 AB1805.o
 .debug_macro   0x0000ecf2      0x38b AB1805.o
 .debug_macro   0x0000f07d     0x1faf AB1805.o
 .debug_macro   0x0001102c       0x6d AB1805.o
 .debug_macro   0x00011099       0x2e AB1805.o
 .debug_macro   0x000110c7      0x225 AB1805.o
 .debug_macro   0x000112ec      0x2f9 Device_Startup/startup_samd21.o
 .debug_macro   0x000115e5      0x2ff Device_Startup/system_samd21.o
 .debug_macro   0x000118e4      0x30c i2c.o
 .debug_macro   0x00011bf0      0x329 main.o
 .debug_macro   0x00011f19      0x312 settings.o
 .debug_macro   0x0001222b       0x28 settings.o
 .debug_macro   0x00012253      0x329 time.o
 .debug_macro   0x0001257c      0x30c uart.o
 .debug_macro   0x00012888      0x30c ui.o

.debug_line     0x00000000     0x42fe
 .debug_line    0x00000000      0x9bf AB1805.o
 .debug_line    0x000009bf      0x6ec Device_Startup/startup_samd21.o
 .debug_line    0x000010ab      0x6d3 Device_Startup/system_samd21.o
 .debug_line    0x0000177e      0x794 i2c.o
 .debug_line    0x00001f12      0x71d main.o
 .debug_line    0x0000262f      0x752 settings.o
 .debug_line    0x00002d81      0x725 time.o
 .debug_line    0x000034a6      0x71b uart.o
 .debug_line    0x00003bc1      0x73d ui.o

.debug_str      0x00000000    0x70a7e
 .debug_str     0x00000000    0x6e51a AB1805.o
                              0x6e8aa (size before relaxing)
 .debug_str     0x0006e51a     0x10e1 Device_Startup/startup_samd21.o
                              0x6eff4 (size before relaxing)
 .debug_str     0x0006f5fb       0x6c Device_Startup/system_samd21.o
                              0x6deb9 (size before relaxing)
 .debug_str     0x0006f667      0x884 i2c.o
                              0x6e982 (size before relaxing)
 .debug_str     0x0006feeb      0x21d main.o
                              0x6e8d3 (size before relaxing)
 .debug_str     0x00070108      0x5d0 settings.o
                              0x6e6c8 (size before relaxing)
 .debug_str     0x000706d8      0x23e time.o
                              0x6ebf2 (size before relaxing)
 .debug_str     0x00070916       0x20 uart.o
                              0x6e952 (size before relaxing)
 .debug_str     0x00070936      0x148 ui.o
                              0x6e310 (size before relaxing)

.debug_frame    0x00000000      0x72c
 .debug_frame   0x00000000      0x344 AB1805.o
 .debug_frame   0x00000344       0x3c Device_Startup/startup_samd21.o
 .debug_frame   0x00000380       0x30 Device_Startup/system_samd21.o
 .debug_frame   0x000003b0       0x94 i2c.o
 .debug_frame   0x00000444       0x3c main.o
 .debug_frame   0x00000480       0x5c settings.o
 .debug_frame   0x000004dc       0x48 time.o
 .debug_frame   0x00000524       0x48 uart.o
 .debug_frame   0x0000056c       0x70 ui.o
 .debug_frame   0x000005dc       0x20 c:/program files (x86)/atmel/studio/7.0/toolchain/arm/arm-gnu-toolchain/bin/../lib/gcc/arm-none-eabi/5.3.1/armv6-m\libgcc.a(_udivsi3.o)
 .debug_frame   0x000005fc       0x20 c:/program files (x86)/atmel/studio/7.0/toolchain/arm/arm-gnu-toolchain/bin/../lib/gcc/arm-none-eabi/5.3.1/armv6-m\libgcc.a(_divsi3.o)
 .debug_frame   0x0000061c       0x2c c:/program files (x86)/atmel/studio/7.0/toolchain/arm/arm-gnu-toolchain/bin/../lib/gcc/arm-none-eabi/5.3.1/../../../../arm-none-eabi/lib/armv6-m\libc.a(lib_a-init.o)
 .debug_frame   0x00000648       0x54 c:/program files (x86)/atmel/studio/7.0/toolchain/arm/arm-gnu-toolchain/bin/../lib/gcc/arm-none-eabi/5.3.1/../../../../arm-none-eabi/lib/armv6-m\libc.a(lib_a-__call_atexit.o)
 .debug_frame   0x0000069c       0x28 c:/program files (x86)/atmel/studio/7.0/toolchain/arm/arm-gnu-toolchain/bin/../lib/gcc/arm-none-eabi/5.3.1/../../../../arm-none-eabi/lib/armv6-m\libc.a(lib_a-atexit.o)
 .debug_frame   0x000006c4       0x2c c:/program files (x86)/atmel/studio/7.0/toolchain/arm/arm-gnu-toolchain/bin/../lib/gcc/arm-none-eabi/5.3.1/../../../../arm-none-eabi/lib/armv6-m\libc.a(lib_a-fini.o)
 .debug_frame   0x000006f0       0x3c c:/program files (x86)/atmel/studio/7.0/toolchain/arm/arm-gnu-toolchain/bin/../lib/gcc/arm-none-eabi/5.3.1/../../../../arm-none-eabi/lib/armv6-m\libc.a(lib_a-__atexit.o)
