Archive member included to satisfy reference by file (symbol)

c:/program files (x86)/atmel/studio/7.0/toolchain/arm/arm-gnu-toolchain/bin/../lib/gcc/arm-none-eabi/5.3.1/armv6-m\libgcc.a(_udivsi3.o)
                              AB1805.o (__aeabi_uidivmod)
c:/program files (x86)/atmel/studio/7.0/toolchain/arm/arm-gnu-toolchain/bin/../lib/gcc/arm-none-eabi/5.3.1/armv6-m\libgcc.a(_divsi3.o)
                              settings.o (__aeabi_idiv)
c:/program files (x86)/atmel/studio/7.0/toolchain/arm/arm-gnu-toolchain/bin/../lib/gcc/arm-none-eabi/5.3.1/armv6-m\libgcc.a(_dvmd_tls.o)
                              c:/program files (x86)/atmel/studio/7.0/toolchain/arm/arm-gnu-toolchain/bin/../lib/gcc/arm-none-eabi/5.3.1/armv6-m\libgcc.a(_udivsi3.o) (__aeabi_idiv0)
c:/program files (x86)/atmel/studio/7.0/toolchain/arm/arm-gnu-toolchain/bin/../lib/gcc/arm-none-eabi/5.3.1/../../../../arm-none-eabi/lib/armv6-m\libc.a(lib_a-exit.o)
                              c:/program files (x86)/atmel/studio/7.0/toolchain/arm/arm-gnu-toolchain/bin/../lib/gcc/arm-none-eabi/5.3.1/../../../../arm-none-eabi/lib/armv6-m/crt0.o (exit)
c:/program files (x86)/atmel/studio/7.0/toolchain/arm/arm-gnu-toolchain/bin/../lib/gcc/arm-none-eabi/5.3.1/../../../../arm-none-eabi/lib/armv6-m\libc.a(lib_a-impure.o)
                              c:/program files (x86)/atmel/studio/7.0/toolchain/arm/arm-gnu-toolchain/bin/../lib/gcc/arm-none-eabi/5.3.1/../../../../arm-none-eabi/lib/armv6-m\libc.a(lib_a-exit.o) (_global_impure_ptr)
c:/program files (x86)/atmel/studio/7.0/toolchain/arm/arm-gnu-toolchain/bin/../lib/gcc/arm-none-eabi/5.3.1/../../../../arm-none-eabi/lib/armv6-m\libc.a(lib_a-init.o)
                              c:/program files (x86)/atmel/studio/7.0/toolchain/arm/arm-gnu-toolchain/bin/../lib/gcc/arm-none-eabi/5.3.1/../../../../arm-none-eabi/lib/armv6-m/crt0.o (__libc_init_array)
c:/program files (x86)/atmel/studio/7.0/toolchain/arm/arm-gnu-toolchain/bin/../lib/gcc/arm-none-eabi/5.3.1/../../../../arm-none-eabi/lib/armv6-m\libc.a(lib_a-memset.o)
                              c:/program files (x86)/atmel/studio/7.0/toolchain/arm/arm-gnu-toolchain/bin/../lib/gcc/arm-none-eabi/5.3.1/../../../../arm-none-eabi/lib/armv6-m/crt0.o (memset)
c:/program files (x86)/atmel/studio/7.0/toolchain/arm/arm-gnu-toolchain/bin/../lib/gcc/arm-none-eabi/5.3.1/../../../../arm-none-eabi/lib/armv6-m\libc.a(lib_a-__call_atexit.o)
                              c:/program files (x86)/atmel/studio/7.0/toolchain/arm/arm-gnu-toolchain/bin/../lib/gcc/arm-none-eabi/5.3.1/../../../../arm-none-eabi/lib/armv6-m\libc.a(lib_a-exit.o) (__call_exitprocs)
c:/program files (x86)/atmel/studio/7.0/toolchain/arm/arm-gnu-toolchain/bin/../lib/gcc/arm-none-eabi/5.3.1/../../../../arm-none-eabi/lib/armv6-m\libc.a(lib_a-atexit.o)
                              c:/program files (x86)/atmel/studio/7.0/toolchain/arm/arm-gnu-toolchain/bin/../lib/gcc/arm-none-eabi/5.3.1/../../../../arm-none-eabi/lib/armv6-m\libc.a(lib_a-__call_atexit.o) (atexit)
c:/program files (x86)/atmel/studio/7.0/toolchain/arm/arm-gnu-toolchain/bin/../lib/gcc/arm-none-eabi/5.3.1/../../../../arm-none-eabi/lib/armv6-m\libc.a(lib_a-fini.o)
                              c:/program files (x86)/atmel/studio/7.0/toolchain/arm/arm-gnu-toolchain/bin/../lib/gcc/arm-none-eabi/5.3.1/../../../../arm-none-eabi/lib/armv6-m\libc.a(lib_a-__call_atexit.o) (__libc_fini_array)
c:/program files (x86)/atmel/studio/7.0/toolchain/arm/arm-gnu-toolchain/bin/../lib/gcc/arm-none-eabi/5.3.1/../../../../arm-none-eabi/lib/armv6-m\libc.a(lib_a-__atexit.o)
                              c:/program files (x86)/atmel/studio/7.0/toolchain/arm/arm-gnu-toolchain/bin/../lib/gcc/arm-none-eabi/5.3.1/../../../../arm-none-eabi/lib/armv6-m\libc.a(lib_a-atexit.o) (__register_exitproc)

Allocating common symbols
Common symbol       size              file

_year               0x1               AB1805.o
_date               0x1               AB1805.o
_10ms               0x2               AB1805.o
_alarm_day          0x1               AB1805.o
_alarm_hour         0x1               AB1805.o
new_data            0x1               AB1805.o
_day                0x1               AB1805.o
TaxCounter          0x2               AB1805.o
Sekunde             0x2               AB1805.o
_alarm_date         0x1               AB1805.o
_hour               0x1               AB1805.o
recievedata         0x46              AB1805.o
senddata            0x1e              AB1805.o
State               0x1               AB1805.o
contrast_level      0x1               AB1805.o
_alarm_month        0x1               AB1805.o
_alarm_year         0x1               AB1805.o
_month              0x1               AB1805.o
DateString          0x11              AB1805.o
TaxState            0x1               AB1805.o
_alarm_seconds      0x1               AB1805.o
_alarm_minutes      0x1               AB1805.o
_minutes            0x1               AB1805.o
[...]
Memory Configuration

Name             Origin             Length             Attributes
rom              0x00000000         0x00040000         xr
ram              0x20000000         0x00008000         xrw
*default*        0x00000000         0xffffffff

Linker script and memory map

LOAD c:/program files (x86)/atmel/studio/7.0/toolchain/arm/arm-gnu-toolchain/bin/../lib/gcc/arm-none-eabi/5.3.1/armv6-m/crti.o
LOAD c:/program files (x86)/atmel/studio/7.0/toolchain/arm/arm-gnu-toolchain/bin/../lib/gcc/arm-none-eabi/5.3.1/armv6-m/crtbegin.o
LOAD c:/program files (x86)/atmel/studio/7.0/toolchain/arm/arm-gnu-toolchain/bin/../lib/gcc/arm-none-eabi/5.3.1/../../../../arm-none-eabi/lib/armv6-m/crt0.o
LOAD AB1805.o
LOAD Device_Startup/startup_samd21.o
LOAD Device_Startup/system_samd21.o
LOAD display.o
LOAD i2c.o
LOAD lut.o
LOAD main.o
LOAD settings.o
LOAD spi.o
LOAD stepper_motor.o
LOAD time.o
LOAD uart.o
LOAD ui.o
START GROUP
LOAD c:/program files (x86)/atmel/studio/7.0/toolchain/arm/arm-gnu-toolchain/bin/../lib/gcc/arm-none-eabi/5.3.1/../../../../arm-none-eabi/lib/armv6-m\libm.a
END GROUP
START GROUP
LOAD c:/program files (x86)/atmel/studio/7.0/toolchain/arm/arm-gnu-toolchain/bin/../lib/gcc/arm-none-eabi/5.3.1/armv6-m\libgcc.a
LOAD c:/program files (x86)/atmel/studio/7.0/toolchain/arm/arm-gnu-toolchain/bin/../lib/gcc/arm-none-eabi/5.3.1/../../../../arm-none-eabi/lib/armv6-m\libc.a
END GROUP
LOAD c:/program files (x86)/atmel/studio/7.0/toolchain/arm/arm-gnu-toolchain/bin/../lib/gcc/arm-none-eabi/5.3.1/armv6-m/crtend.o
LOAD c:/program files (x86)/atmel/studio/7.0/toolchain/arm/arm-gnu-toolchain/bin/../lib/gcc/arm-none-eabi/5.3.1/armv6-m/crtn.o
                0x00002000                STACK_SIZE = DEFINED (STACK_SIZE)?STACK_SIZE:DEFINED (__stack_size__)?__stack_size__:0x2000

.text           0x00000000     0x1850
                0x00000000                . = ALIGN (0x4)
                0x00000000                _sfixed = .
 *(.vectors .vectors.*)
 .vectors       0x00000000       0xb4 Device_Startup/startup_samd21.o
                0x00000000                exception_table
 *(.text .text.* .gnu.linkonce.t.*)
 .text          0x000000b4       0x60 c:/program files (x86)/atmel/studio/7.0/toolchain/arm/arm-gnu-toolchain/bin/../lib/gcc/arm-none-eabi/5.3.1/armv6-m/crtbegin.o
 .text.read_rtc_register
                0x00000114       0x30 AB1805.o
                0x00000114                read_rtc_register
 .text.write_rtc_register
                0x00000144       0x20 AB1805.o
                0x00000144                write_rtc_register
 .text.InitAB1805
                0x00000164       0x3c AB1805.o
                0x00000164                InitAB1805
 .text.get_second
                0x000001a0       0x14 AB1805.o
                0x000001a0                get_second
 .text.get_minute
                0x000001b4       0x14 AB1805.o
                0x000001b4                get_minute
 .text.get_hour
                0x000001c8       0x14 AB1805.o
                0x000001c8                get_hour
 .text.get_day  0x000001dc       0x14 AB1805.o
                0x000001dc                get_day
 .text.get_date
                0x000001f0       0x14 AB1805.o
                0x000001f0                get_date
 .text.get_month
                0x00000204       0x14 AB1805.o
                0x00000204                get_month
 .text.get_year
                0x00000218       0x10 AB1805.o
                0x00000218                get_year
 .text.set_second
                0x00000228       0x28 AB1805.o
                0x00000228                set_second
 .text.set_minute
                0x00000250       0x28 AB1805.o
                0x00000250                set_minute
 .text.set_hour
                0x00000278       0x28 AB1805.o
                0x00000278                set_hour
 .text.set_day  0x000002a0       0x20 AB1805.o
                0x000002a0                set_day
 .text.set_date
                0x000002c0       0x28 AB1805.o
                0x000002c0                set_date
 .text.set_month
                0x000002e8       0x28 AB1805.o
                0x000002e8                set_month
 .text.set_year
                0x00000310       0x18 AB1805.o
                0x00000310                set_year
 .text.set_datetime
                0x00000328       0x60 AB1805.o
                0x00000328                set_datetime
 .text.set_seconds_alarm
                0x00000388       0x28 AB1805.o
                0x00000388                set_seconds_alarm
 .text.set_minutes_alarm
                0x000003b0       0x28 AB1805.o
                0x000003b0                set_minutes_alarm
 .text.set_hour_alarm
                0x000003d8       0x28 AB1805.o
                0x000003d8                set_hour_alarm
 .text.set_day_alarm
                0x00000400       0x20 AB1805.o
                0x00000400                set_day_alarm
 .text.set_date_alarm
                0x00000420       0x28 AB1805.o
                0x00000420                set_date_alarm
 .text.set_month_alarm
                0x00000448       0x28 AB1805.o
                0x00000448                set_month_alarm
 .text.get_date_string
                0x00000470      0x118 AB1805.o
                0x00000470                get_date_string
 .text.Dummy_Handler
                0x00000588        0x4 Device_Startup/startup_samd21.o
                0x00000588                DMAC_Handler
                0x00000588                HardFault_Handler
                0x00000588                AC_Handler
                0x00000588                SysTick_Handler
                0x00000588                PendSV_Handler
                0x00000588                NMI_Handler
                0x00000588                TC7_Handler
                0x00000588                SERCOM1_Handler
                0x00000588                ADC_Handler
                0x00000588                TCC1_Handler
                0x00000588                SERCOM2_Handler
                0x00000588                TCC0_Handler
                0x00000588                RTC_Handler
                0x00000588                TC6_Handler
                0x00000588                WDT_Handler
                0x00000588                TC4_Handler
                0x00000588                USB_Handler
                0x00000588                Dummy_Handler
                0x00000588                PM_Handler
                0x00000588                SERCOM5_Handler
                0x00000588                SVC_Handler
                0x00000588                TCC2_Handler
                0x00000588                EVSYS_Handler
                0x00000588                SERCOM4_Handler
                0x00000588                I2S_Handler
                0x00000588                NVMCTRL_Handler
                0x00000588                SERCOM0_Handler
                0x00000588                DAC_Handler
                0x00000588                PTC_Handler
                0x00000588                TC5_Handler
                0x00000588                SYSCTRL_Handler
 .text.Reset_Handler
                0x0000058c       0xf8 Device_Startup/startup_samd21.o
                0x0000058c                Reset_Handler
 .text.SystemInit
                0x00000684       0x10 Device_Startup/system_samd21.o
                0x00000684                SystemInit
 .text.write_display_instruction
                0x00000694       0x20 display.o
                0x00000694                write_display_instruction
 .text.write_display_data
                0x000006b4       0x1c display.o
                0x000006b4                write_display_data
 .text.Set_Page_Address
                0x000006d0       0x10 display.o
                0x000006d0                Set_Page_Address
 .text.Set_Column_Address
                0x000006e0       0x1c display.o
                0x000006e0                Set_Column_Address
 .text.Set_Contrast_Control_Register
                0x000006fc       0x14 display.o
                0x000006fc                Set_Contrast_Control_Register
 .text.InitDisplay
                0x00000710       0x80 display.o
                0x00000710                InitDisplay
 .text.display_picture
                0x00000790       0x54 display.o
                0x00000790                display_picture
 .text.InitI2C  0x000007e4       0x58 i2c.o
                0x000007e4                InitI2C
 .text.i2c_write
                0x0000083c       0x78 i2c.o
                0x0000083c                i2c_write
 .text.i2c_read
                0x000008b4       0x80 i2c.o
                0x000008b4                i2c_read
 .text.enable_interrupts
                0x00000934       0x18 main.o
                0x00000934                enable_interrupts
 .text.disable_interrupts
                0x0000094c       0x1c main.o
                0x0000094c                disable_interrupts
 .text.main     0x00000968      0x13c main.o
                0x00000968                main
 .text.InitPorts
                0x00000aa4      0x10c settings.o
                0x00000aa4                InitPorts
 .text.InitClocks
                0x00000bb0       0x5c settings.o
                0x00000bb0                InitClocks
 .text.InitEIC  0x00000c0c       0x70 settings.o
                0x00000c0c                InitEIC
 .text.PowerUp  0x00000c7c       0x1c settings.o
                0x00000c7c                PowerUp
 .text.PowerDown
                0x00000c98       0x1c settings.o
                0x00000c98                PowerDown
 .text.InitAll  0x00000cb4       0x48 settings.o
                0x00000cb4                InitAll
 .text.Value2String
                0x00000cfc      0x170 settings.o
                0x00000cfc                Value2String
 .text.Delay_ms
                0x00000e6c       0x10 settings.o
                0x00000e6c                Delay_ms
 .text.InitSPI  0x00000e7c       0x7c spi.o
                0x00000e7c                InitSPI
 .text.spi_write
                0x00000ef8       0x38 spi.o
                0x00000ef8                spi_write
 .text.Init10msTimer
                0x00000f30       0x5c time.o
                0x00000f30                Init10msTimer
 .text.TimerAkt
                0x00000f8c       0x68 time.o
                0x00000f8c                TimerAkt
 .text.TC3_Handler
                0x00000ff4       0x48 time.o
                0x00000ff4                TC3_Handler
 .text.InitUART
                0x0000103c       0x64 uart.o
                0x0000103c                InitUART
 .text.uart_write
                0x000010a0       0x2c uart.o
                0x000010a0                uart_write
 .text.SERCOM3_Handler
                0x000010cc       0x50 uart.o
                0x000010cc                SERCOM3_Handler
 .text.UiInit   0x0000111c       0x14 ui.o
                0x0000111c                UiInit
 .text.SetCounterState
                0x00001130       0xf0 ui.o
                0x00001130                SetCounterState
 .text.ActCounter
                0x00001220       0x78 ui.o
                0x00001220                ActCounter
 .text.ReadTasten
                0x00001298       0x74 ui.o
                0x00001298                ReadTasten
 .text.gotosleep
                0x0000130c       0x24 ui.o
                0x0000130c                gotosleep
 .text.EIC_Handler
                0x00001330       0x48 ui.o
                0x00001330                EIC_Handler
 .text          0x00001378      0x114 c:/program files (x86)/atmel/studio/7.0/toolchain/arm/arm-gnu-toolchain/bin/../lib/gcc/arm-none-eabi/5.3.1/armv6-m\libgcc.a(_udivsi3.o)
                0x00001378                __aeabi_uidiv
                0x00001378                __udivsi3
                0x00001484                __aeabi_uidivmod
 .text          0x0000148c      0x1d4 c:/program files (x86)/atmel/studio/7.0/toolchain/arm/arm-gnu-toolchain/bin/../lib/gcc/arm-none-eabi/5.3.1/armv6-m\libgcc.a(_divsi3.o)
                0x0000148c                __divsi3
                0x0000148c                __aeabi_idiv
                0x00001658                __aeabi_idivmod
 .text          0x00001660        0x4 c:/program files (x86)/atmel/studio/7.0/toolchain/arm/arm-gnu-toolchain/bin/../lib/gcc/arm-none-eabi/5.3.1/armv6-m\libgcc.a(_dvmd_tls.o)
                0x00001660                __aeabi_idiv0
                0x00001660                __aeabi_ldiv0
 .text.__libc_init_array
                0x00001664       0x48 c:/program files (x86)/atmel/studio/7.0/toolchain/arm/arm-gnu-toolchain/bin/../lib/gcc/arm-none-eabi/5.3.1/../../../../arm-none-eabi/lib/armv6-m\libc.a(lib_a-init.o)
                0x00001664                __libc_init_array
 .text.startup.register_fini
                0x000016ac       0x18 c:/program files (x86)/atmel/studio/7.0/toolchain/arm/arm-gnu-toolchain/bin/../lib/gcc/arm-none-eabi/5.3.1/../../../../arm-none-eabi/lib/armv6-m\libc.a(lib_a-__call_atexit.o)
 .text.atexit   0x000016c4       0x10 c:/program files (x86)/atmel/studio/7.0/toolchain/arm/arm-gnu-toolchain/bin/../lib/gcc/arm-none-eabi/5.3.1/../../../../arm-none-eabi/lib/armv6-m\libc.a(lib_a-atexit.o)
                0x000016c4                atexit
 .text.__libc_fini_array
                0x000016d4       0x34 c:/program files (x86)/atmel/studio/7.0/toolchain/arm/arm-gnu-toolchain/bin/../lib/gcc/arm-none-eabi/5.3.1/../../../../arm-none-eabi/lib/armv6-m\libc.a(lib_a-fini.o)
                0x000016d4                __libc_fini_array
 .text.__register_exitproc
                0x00001708       0xd4 c:/program files (x86)/atmel/studio/7.0/toolchain/arm/arm-gnu-toolchain/bin/../lib/gcc/arm-none-eabi/5.3.1/../../../../arm-none-eabi/lib/armv6-m\libc.a(lib_a-__atexit.o)
                0x00001708                __register_exitproc
 *(.glue_7t)
 .glue_7t       0x000017dc        0x0 linker stubs
 *(.glue_7)
 .glue_7        0x000017dc        0x0 linker stubs
 *(.rodata .rodata* .gnu.linkonce.r.*)
 .rodata.cst2   0x000017dc        0x4 settings.o
 .rodata        0x000017e0       0x2c ui.o
 .rodata.str1.4
                0x0000180c       0x16 ui.o
 *fill*         0x00001822        0x2 
 .rodata.str1.4
                0x00001824        0x4 c:/program files (x86)/atmel/studio/7.0/toolchain/arm/arm-gnu-toolchain/bin/../lib/gcc/arm-none-eabi/5.3.1/../../../../arm-none-eabi/lib/armv6-m\libc.a(lib_a-impure.o)
                                  0x2 (size before relaxing)
 .rodata._global_impure_ptr
                0x00001828        0x4 c:/program files (x86)/atmel/studio/7.0/toolchain/arm/arm-gnu-toolchain/bin/../lib/gcc/arm-none-eabi/5.3.1/../../../../arm-none-eabi/lib/armv6-m\libc.a(lib_a-impure.o)
                0x00001828                _global_impure_ptr
 *(.ARM.extab* .gnu.linkonce.armextab.*)
                0x0000182c                . = ALIGN (0x4)
 *(.init)
 .init          0x0000182c        0x4 c:/program files (x86)/atmel/studio/7.0/toolchain/arm/arm-gnu-toolchain/bin/../lib/gcc/arm-none-eabi/5.3.1/armv6-m/crti.o
                0x0000182c                _init
 .init          0x00001830        0x8 c:/program files (x86)/atmel/studio/7.0/toolchain/arm/arm-gnu-toolchain/bin/../lib/gcc/arm-none-eabi/5.3.1/armv6-m/crtn.o
                0x00001838                . = ALIGN (0x4)
                0x00001838                __preinit_array_start = .
 *(.preinit_array)
                0x00001838                __preinit_array_end = .
                0x00001838                . = ALIGN (0x4)
                0x00001838                __init_array_start = .
 *(SORT(.init_array.*))
 .init_array.00000
                0x00001838        0x4 c:/program files (x86)/atmel/studio/7.0/toolchain/arm/arm-gnu-toolchain/bin/../lib/gcc/arm-none-eabi/5.3.1/../../../../arm-none-eabi/lib/armv6-m\libc.a(lib_a-__call_atexit.o)
 *(.init_array)
 .init_array    0x0000183c        0x4 c:/program files (x86)/atmel/studio/7.0/toolchain/arm/arm-gnu-toolchain/bin/../lib/gcc/arm-none-eabi/5.3.1/armv6-m/crtbegin.o
                0x00001840                __init_array_end = .
                0x00001840                . = ALIGN (0x4)
 *crtbegin.o(.ctors)
 *(EXCLUDE_FILE(*crtend.o) .ctors)
 *(SORT(.ctors.*))
 *crtend.o(.ctors)
                0x00001840                . = ALIGN (0x4)
 *(.fini)
 .fini          0x00001840        0x4 c:/program files (x86)/atmel/studio/7.0/toolchain/arm/arm-gnu-toolchain/bin/../lib/gcc/arm-none-eabi/5.3.1/armv6-m/crti.o
                0x00001840                _fini
 .fini          0x00001844        0x8 c:/program files (x86)/atmel/studio/7.0/toolchain/arm/arm-gnu-toolchain/bin/../lib/gcc/arm-none-eabi/5.3.1/armv6-m/crtn.o
                0x0000184c                . = ALIGN (0x4)
                0x0000184c                __fini_array_start = .
 *(.fini_array)
 .fini_array    0x0000184c        0x4 c:/program files (x86)/atmel/studio/7.0/toolchain/arm/arm-gnu-toolchain/bin/../lib/gcc/arm-none-eabi/5.3.1/armv6-m/crtbegin.o
 *(SORT(.fini_array.*))
                0x00001850                __fini_array_end = .
 *crtbegin.o(.dtors)
 *(EXCLUDE_FILE(*crtend.o) .dtors)
 *(SORT(.dtors.*))
 *crtend.o(.dtors)
                0x00001850                . = ALIGN (0x4)
                0x00001850                _efixed = .
                [!provide]                PROVIDE (__exidx_start, .)

.vfp11_veneer   0x00001850        0x0
 .vfp11_veneer  0x00001850        0x0 linker stubs

.v4_bx          0x00001850        0x0
 .v4_bx         0x00001850        0x0 linker stubs

.iplt           0x00001850        0x0
 .iplt          0x00001850        0x0 c:/program files (x86)/atmel/studio/7.0/toolchain/arm/arm-gnu-toolchain/bin/../lib/gcc/arm-none-eabi/5.3.1/armv6-m/crtbegin.o

.eh_frame       0x00001850        0x0
 .eh_frame      0x00001850        0x0 c:/program files (x86)/atmel/studio/7.0/toolchain/arm/arm-gnu-toolchain/bin/../lib/gcc/arm-none-eabi/5.3.1/armv6-m/crtbegin.o

.rel.dyn        0x00001850        0x0
 .rel.iplt      0x00001850        0x0 c:/program files (x86)/atmel/studio/7.0/toolchain/arm/arm-gnu-toolchain/bin/../lib/gcc/arm-none-eabi/5.3.1/armv6-m/crtbegin.o

.jcr            0x00001850        0x0
 .jcr           0x00001850        0x0 c:/program files (x86)/atmel/studio/7.0/toolchain/arm/arm-gnu-toolchain/bin/../lib/gcc/arm-none-eabi/5.3.1/armv6-m/crtbegin.o

.igot.plt       0x00001850        0x0
 .igot.plt      0x00001850        0x0 c:/program files (x86)/atmel/studio/7.0/toolchain/arm/arm-gnu-toolchain/bin/../lib/gcc/arm-none-eabi/5.3.1/armv6-m/crtbegin.o

.ARM.exidx
 *(.ARM.exidx* .gnu.linkonce.armexidx.*)
                [!provide]                PROVIDE (__exidx_end, .)
                0x00001850                . = ALIGN (0x4)
                0x00001850                _etext = .

.relocate       0x20000000      0xc30 load address 0x00001850
                0x20000000                . = ALIGN (0x4)
                0x20000000                _srelocate = .
 *(.ramfunc .ramfunc.*)
 *(.data .data.*)
 .data          0x20000000        0x4 Device_Startup/system_samd21.o
                0x20000000                SystemCoreClock
 .data          0x20000004      0x800 lut.o
                0x20000004                pic2
                0x20000404                pic
 *fill*         0x20000804        0x4 
 .data.impure_data
                0x20000808      0x428 c:/program files (x86)/atmel/studio/7.0/toolchain/arm/arm-gnu-toolchain/bin/../lib/gcc/arm-none-eabi/5.3.1/../../../../arm-none-eabi/lib/armv6-m\libc.a(lib_a-impure.o)
                0x20000c30                . = ALIGN (0x4)
                0x20000c30                _erelocate = .

.bss            0x20000c30       0xb8 load address 0x00002480
                0x20000c30                . = ALIGN (0x4)
                0x20000c30                _sbss = .
                0x20000c30                _szero = .
 *(.bss .bss.*)
 .bss           0x20000c30       0x1c c:/program files (x86)/atmel/studio/7.0/toolchain/arm/arm-gnu-toolchain/bin/../lib/gcc/arm-none-eabi/5.3.1/armv6-m/crtbegin.o
 .bss           0x20000c4c        0x2 time.o
 *(COMMON)
 *fill*         0x20000c4e        0x2 
 COMMON         0x20000c50       0x96 AB1805.o
                0x20000c50                _year
                0x20000c51                _date
                0x20000c52                _10ms
                0x20000c54                _alarm_day
                0x20000c55                _alarm_hour
                0x20000c56                new_data
                0x20000c57                _day
                0x20000c58                TaxCounter
                0x20000c5a                Sekunde
                0x20000c5c                _alarm_date
                0x20000c5d                _hour
                0x20000c60                recievedata
                0x20000ca8                senddata
                0x20000cc6                State
                0x20000cc7                contrast_level
                0x20000cc8                _alarm_month
                0x20000cc9                _alarm_year
                0x20000cca                _month
                0x20000ccc                DateString
                0x20000ce0                TaxState
                0x20000ce1                _alarm_seconds
                0x20000ce2                _alarm_minutes
                0x20000ce3                _minutes
                0x20000ce4                _seconds
                0x20000ce5                recieve_counter
                0x20000ce8                . = ALIGN (0x4)
 *fill*         0x20000ce6        0x2 
                0x20000ce8                _ebss = .
                0x20000ce8                _ezero = .

.stack          0x20000ce8     0x2000 load address 0x00002538
                0x20000ce8                . = ALIGN (0x8)
                0x20000ce8                _sstack = .
                0x20002ce8                . = (. + STACK_SIZE)
 *fill*         0x20000ce8     0x2000 
                0x20002ce8                . = ALIGN (0x8)
                0x20002ce8                _estack = .
                0x20002ce8                . = ALIGN (0x4)
                0x20002ce8                _end = .
OUTPUT(Firmware_Drugstore.elf elf32-littlearm)

.ARM.attributes
                0x00000000       0x28
 .ARM.attributes
                0x00000000       0x1e c:/program files (x86)/atmel/studio/7.0/toolchain/arm/arm-gnu-toolchain/bin/../lib/gcc/arm-none-eabi/5.3.1/armv6-m/crti.o
 .ARM.attributes
                0x0000001e       0x2c c:/program files (x86)/atmel/studio/7.0/toolchain/arm/arm-gnu-toolchain/bin/../lib/gcc/arm-none-eabi/5.3.1/armv6-m/crtbegin.o
 .ARM.attributes
                0x0000004a       0x32 AB1805.o
 .ARM.attributes
                0x0000007c       0x32 Device_Startup/startup_samd21.o
 .ARM.attributes
                0x000000ae       0x32 Device_Startup/system_samd21.o
 .ARM.attributes
                0x000000e0       0x32 display.o
 .ARM.attributes
                0x00000112       0x32 i2c.o
 .ARM.attributes
                0x00000144       0x32 lut.o
 .ARM.attributes
                0x00000176       0x32 main.o
 .ARM.attributes
                0x000001a8       0x32 settings.o
 .ARM.attributes
                0x000001da       0x32 spi.o
 .ARM.attributes
                0x0000020c       0x32 time.o
 .ARM.attributes
                0x0000023e       0x32 uart.o
 .ARM.attributes
                0x00000270       0x32 ui.o
 .ARM.attributes
                0x000002a2       0x1e c:/program files (x86)/atmel/studio/7.0/toolchain/arm/arm-gnu-toolchain/bin/../lib/gcc/arm-none-eabi/5.3.1/armv6-m\libgcc.a(_udivsi3.o)
 .ARM.attributes
                0x000002c0       0x1e c:/program files (x86)/atmel/studio/7.0/toolchain/arm/arm-gnu-toolchain/bin/../lib/gcc/arm-none-eabi/5.3.1/armv6-m\libgcc.a(_divsi3.o)
 .ARM.attributes
                0x000002de       0x1e c:/program files (x86)/atmel/studio/7.0/toolchain/arm/arm-gnu-toolchain/bin/../lib/gcc/arm-none-eabi/5.3.1/armv6-m\libgcc.a(_dvmd_tls.o)
 .ARM.attributes
                0x000002fc       0x2c c:/program files (x86)/atmel/studio/7.0/toolchain/arm/arm-gnu-toolchain/bin/../lib/gcc/arm-none-eabi/5.3.1/../../../../arm-none-eabi/lib/armv6-m\libc.a(lib_a-impure.o)
 .ARM.attributes
                0x00000328       0x2c c:/program files (x86)/atmel/studio/7.0/toolchain/arm/arm-gnu-toolchain/bin/../lib/gcc/arm-none-eabi/5.3.1/../../../../arm-none-eabi/lib/armv6-m\libc.a(lib_a-init.o)
 .ARM.attributes
                0x00000354       0x2c c:/program files (x86)/atmel/studio/7.0/toolchain/arm/arm-gnu-toolchain/bin/../lib/gcc/arm-none-eabi/5.3.1/../../../../arm-none-eabi/lib/armv6-m\libc.a(lib_a-__call_atexit.o)
 .ARM.attributes
                0x00000380       0x2c c:/program files (x86)/atmel/studio/7.0/toolchain/arm/arm-gnu-toolchain/bin/../lib/gcc/arm-none-eabi/5.3.1/../../../../arm-none-eabi/lib/armv6-m\libc.a(lib_a-atexit.o)
 .ARM.attributes
                0x000003ac       0x2c c:/program files (x86)/atmel/studio/7.0/toolchain/arm/arm-gnu-toolchain/bin/../lib/gcc/arm-none-eabi/5.3.1/../../../../arm-none-eabi/lib/armv6-m\libc.a(lib_a-fini.o)
 .ARM.attributes
                0x000003d8       0x2c c:/program files (x86)/atmel/studio/7.0/toolchain/arm/arm-gnu-toolchain/bin/../lib/gcc/arm-none-eabi/5.3.1/../../../../arm-none-eabi/lib/armv6-m\libc.a(lib_a-__atexit.o)
 .ARM.attributes
                0x00000404       0x1e c:/program files (x86)/atmel/studio/7.0/toolchain/arm/arm-gnu-toolchain/bin/../lib/gcc/arm-none-eabi/5.3.1/armv6-m/crtn.o

.comment        0x00000000       0x59
 .comment       0x00000000       0x59 AB1805.o
                                 0x5a (size before relaxing)
 .comment       0x00000059       0x5a Device_Startup/startup_samd21.o
 .comment       0x00000059       0x5a Device_Startup/system_samd21.o
 .comment       0x00000059       0x5a display.o
 .comment       0x00000059       0x5a i2c.o
 .comment       0x00000059       0x5a lut.o
 .comment       0x00000059       0x5a main.o
 .comment       0x00000059       0x5a settings.o
 .comment       0x00000059       0x5a spi.o
 .comment       0x00000059       0x5a time.o
 .comment       0x00000059       0x5a uart.o
 .comment       0x00000059       0x5a ui.o

.debug_info     0x00000000    0x15850
 .debug_info    0x00000000      0xf30 AB1805.o
 .debug_info    0x00000f30     0x3a68 Device_Startup/startup_samd21.o
 .debug_info    0x00004998       0xcd Device_Startup/system_samd21.o
 .debug_info    0x00004a65      0x6e2 display.o
 .debug_info    0x00005147     0x2a6d i2c.o
 .debug_info    0x00007bb4      0x318 lut.o
 .debug_info    0x00007ecc      0x733 main.o
 .debug_info    0x000085ff     0x3133 settings.o
 .debug_info    0x0000b732     0x297f spi.o
 .debug_info    0x0000e0b1     0x18f9 time.o
 .debug_info    0x0000f9aa     0x29b3 uart.o
 .debug_info    0x0001235d     0x34f3 ui.o

.debug_abbrev   0x00000000     0x12ad
 .debug_abbrev  0x00000000      0x15c AB1805.o
 .debug_abbrev  0x0000015c      0x217 Device_Startup/startup_samd21.o
 .debug_abbrev  0x00000373       0x65 Device_Startup/system_samd21.o
 .debug_abbrev  0x000003d8      0x181 display.o
 .debug_abbrev  0x00000559      0x1bb i2c.o
 .debug_abbrev  0x00000714       0x7a lut.o
 .debug_abbrev  0x0000078e      0x191 main.o
 .debug_abbrev  0x0000091f      0x237 settings.o
 .debug_abbrev  0x00000b56      0x171 spi.o
 .debug_abbrev  0x00000cc7      0x1c7 time.o
 .debug_abbrev  0x00000e8e      0x192 uart.o
 .debug_abbrev  0x00001020      0x28d ui.o

.debug_loc      0x00000000     0x143d
 .debug_loc     0x00000000      0x9ef AB1805.o
 .debug_loc     0x000009ef       0x20 Device_Startup/startup_samd21.o
 .debug_loc     0x00000a0f      0x351 display.o
 .debug_loc     0x00000d60      0x12f i2c.o
 .debug_loc     0x00000e8f       0xa4 main.o
 .debug_loc     0x00000f33      0x336 settings.o
 .debug_loc     0x00001269       0x20 time.o
 .debug_loc     0x00001289       0x94 uart.o
 .debug_loc     0x0000131d      0x120 ui.o

.debug_aranges  0x00000000      0x398
 .debug_aranges
                0x00000000      0x120 AB1805.o
 .debug_aranges
                0x00000120       0x28 Device_Startup/startup_samd21.o
 .debug_aranges
                0x00000148       0x28 Device_Startup/system_samd21.o
 .debug_aranges
                0x00000170       0x68 display.o
 .debug_aranges
                0x000001d8       0x48 i2c.o
 .debug_aranges
                0x00000220       0x18 lut.o
 .debug_aranges
                0x00000238       0x30 main.o
 .debug_aranges
                0x00000268       0x58 settings.o
 .debug_aranges
                0x000002c0       0x28 spi.o
 .debug_aranges
                0x000002e8       0x30 time.o
 .debug_aranges
                0x00000318       0x30 uart.o
 .debug_aranges
                0x00000348       0x50 ui.o

.debug_ranges   0x00000000      0x2d0
 .debug_ranges  0x00000000      0x110 AB1805.o
 .debug_ranges  0x00000110       0x18 Device_Startup/startup_samd21.o
 .debug_ranges  0x00000128       0x18 Device_Startup/system_samd21.o
 .debug_ranges  0x00000140       0x58 display.o
 .debug_ranges  0x00000198       0x38 i2c.o
 .debug_ranges  0x000001d0       0x20 main.o
 .debug_ranges  0x000001f0       0x48 settings.o
 .debug_ranges  0x00000238       0x18 spi.o
 .debug_ranges  0x00000250       0x20 time.o
 .debug_ranges  0x00000270       0x20 uart.o
 .debug_ranges  0x00000290       0x40 ui.o

.debug_macro    0x00000000    0x14d5d
 .debug_macro   0x00000000      0x455 AB1805.o
 .debug_macro   0x00000455      0x826 AB1805.o
 .debug_macro   0x00000c7b       0x22 AB1805.o
 .debug_macro   0x00000c9d       0x87 AB1805.o
 .debug_macro   0x00000d24       0x44 AB1805.o
 .debug_macro   0x00000d68       0xfd AB1805.o
 .debug_macro   0x00000e65       0x22 AB1805.o
 .debug_macro   0x00000e87      0x1df AB1805.o
 .debug_macro   0x00001066       0x40 AB1805.o
 .debug_macro   0x000010a6       0x3a AB1805.o
 .debug_macro   0x000010e0       0x1f AB1805.o
 .debug_macro   0x000010ff      0x250 AB1805.o
 .debug_macro   0x0000134f      0x67d AB1805.o
 .debug_macro   0x000019cc      0x8b0 AB1805.o
 .debug_macro   0x0000227c      0x22e AB1805.o
 .debug_macro   0x000024aa      0xd5c AB1805.o
 .debug_macro   0x00003206      0x4c6 AB1805.o
 .debug_macro   0x000036cc      0x9f6 AB1805.o
 .debug_macro   0x000040c2      0x82a AB1805.o
 .debug_macro   0x000048ec      0x450 AB1805.o
 .debug_macro   0x00004d3c       0x5e AB1805.o
 .debug_macro   0x00004d9a      0x8f8 AB1805.o
 .debug_macro   0x00005692      0x21c AB1805.o
 .debug_macro   0x000058ae      0x734 AB1805.o
 .debug_macro   0x00005fe2       0x5e AB1805.o
 .debug_macro   0x00006040      0x631 AB1805.o
 .debug_macro   0x00006671      0x3ab AB1805.o
 .debug_macro   0x00006a1c      0xc75 AB1805.o
 .debug_macro   0x00007691     0x1092 AB1805.o
 .debug_macro   0x00008723      0xc4a AB1805.o
 .debug_macro   0x0000936d      0x6ba AB1805.o
 .debug_macro   0x00009a27     0x1b3c AB1805.o
 .debug_macro   0x0000b563     0x143b AB1805.o
 .debug_macro   0x0000c99e      0x33f AB1805.o
 .debug_macro   0x0000ccdd       0x7c AB1805.o
 .debug_macro   0x0000cd59       0xa0 AB1805.o
 .debug_macro   0x0000cdf9       0x4c AB1805.o
 .debug_macro   0x0000ce45       0xca AB1805.o
 .debug_macro   0x0000cf0f       0x94 AB1805.o
 .debug_macro   0x0000cfa3       0x58 AB1805.o
 .debug_macro   0x0000cffb      0x340 AB1805.o
 .debug_macro   0x0000d33b       0x82 AB1805.o
 .debug_macro   0x0000d3bd      0x188 AB1805.o
 .debug_macro   0x0000d545       0xb8 AB1805.o
 .debug_macro   0x0000d5fd       0xa0 AB1805.o
 .debug_macro   0x0000d69d       0xb2 AB1805.o
 .debug_macro   0x0000d74f       0x1c AB1805.o
 .debug_macro   0x0000d76b       0x1c AB1805.o
 .debug_macro   0x0000d787       0x1c AB1805.o
 .debug_macro   0x0000d7a3       0x7c AB1805.o
 .debug_macro   0x0000d81f      0x15a AB1805.o
 .debug_macro   0x0000d979       0xdc AB1805.o
 .debug_macro   0x0000da55      0x124 AB1805.o
 .debug_macro   0x0000db79      0x124 AB1805.o
 .debug_macro   0x0000dc9d      0x124 AB1805.o
 .debug_macro   0x0000ddc1      0x124 AB1805.o
 .debug_macro   0x0000dee5      0x124 AB1805.o
 .debug_macro   0x0000e009      0x124 AB1805.o
 .debug_macro   0x0000e12d      0x124 AB1805.o
 .debug_macro   0x0000e251       0xe2 AB1805.o
 .debug_macro   0x0000e333       0xe2 AB1805.o
 .debug_macro   0x0000e415       0xe2 AB1805.o
 .debug_macro   0x0000e4f7       0xe2 AB1805.o
 .debug_macro   0x0000e5d9       0xe2 AB1805.o
 .debug_macro   0x0000e6bb      0x12a AB1805.o
 .debug_macro   0x0000e7e5      0x100 AB1805.o
 .debug_macro   0x0000e8e5       0xf4 AB1805.o
 .debug_macro   0x0000e9d9      0x40f AB1805.o
 .debug_macro   0x0000ede8       0x40 AB1805.o
 .debug_macro   0x0000ee28      0x38b AB1805.o
 .debug_macro   0x0000f1b3     0x1faf AB1805.o
 .debug_macro   0x00011162       0x6d AB1805.o
 .debug_macro   0x000111cf       0x52 AB1805.o
 .debug_macro   0x00011221       0x35 AB1805.o
 .debug_macro   0x00011256       0x9c AB1805.o
 .debug_macro   0x000112f2       0x16 AB1805.o
 .debug_macro   0x00011308       0x97 AB1805.o
 .debug_macro   0x0001139f      0x330 AB1805.o
 .debug_macro   0x000116cf       0xf6 AB1805.o
 .debug_macro   0x000117c5       0x10 AB1805.o
 .debug_macro   0x000117d5       0x52 AB1805.o
 .debug_macro   0x00011827       0x16 AB1805.o
 .debug_macro   0x0001183d       0x43 AB1805.o
 .debug_macro   0x00011880      0x187 AB1805.o
 .debug_macro   0x00011a07       0x22 AB1805.o
 .debug_macro   0x00011a29       0x3a AB1805.o
 .debug_macro   0x00011a63       0x10 AB1805.o
 .debug_macro   0x00011a73       0x40 AB1805.o
 .debug_macro   0x00011ab3       0x6c AB1805.o
 .debug_macro   0x00011b1f       0x16 AB1805.o
 .debug_macro   0x00011b35      0x182 AB1805.o
 .debug_macro   0x00011cb7       0x22 AB1805.o
 .debug_macro   0x00011cd9      0x10c AB1805.o
 .debug_macro   0x00011de5      0x224 AB1805.o
 .debug_macro   0x00012009      0x2f9 Device_Startup/startup_samd21.o
 .debug_macro   0x00012302      0x2ff Device_Startup/system_samd21.o
 .debug_macro   0x00012601      0x456 display.o
 .debug_macro   0x00012a57      0x442 i2c.o
 .debug_macro   0x00012e99      0x442 lut.o
 .debug_macro   0x000132db      0x49b main.o
 .debug_macro   0x00013776      0x487 settings.o
 .debug_macro   0x00013bfd      0x442 spi.o
 .debug_macro   0x0001403f      0x487 time.o
 .debug_macro   0x000144c6      0x442 uart.o
 .debug_macro   0x00014908      0x455 ui.o

.debug_line     0x00000000     0x6421
 .debug_line    0x00000000      0xaab AB1805.o
 .debug_line    0x00000aab      0x6ec Device_Startup/startup_samd21.o
 .debug_line    0x00001197      0x6d3 Device_Startup/system_samd21.o
 .debug_line    0x0000186a      0x8bc display.o
 .debug_line    0x00002126      0x890 i2c.o
 .debug_line    0x000029b6      0x7b4 lut.o
 .debug_line    0x0000316a      0x889 main.o
 .debug_line    0x000039f3      0x92d settings.o
 .debug_line    0x00004320      0x7f2 spi.o
 .debug_line    0x00004b12      0x85a time.o
 .debug_line    0x0000536c      0x817 uart.o
 .debug_line    0x00005b83      0x89e ui.o

.debug_str      0x00000000    0x74c43
 .debug_str     0x00000000    0x7220e AB1805.o
                              0x72624 (size before relaxing)
 .debug_str     0x0007220e     0x10e1 Device_Startup/startup_samd21.o
                              0x6eff4 (size before relaxing)
 .debug_str     0x000732ef       0x6c Device_Startup/system_samd21.o
                              0x6deb9 (size before relaxing)
 .debug_str     0x0007335b       0xee display.o
                              0x71ea1 (size before relaxing)
 .debug_str     0x00073449      0x884 i2c.o
                              0x7270a (size before relaxing)
 .debug_str     0x00073ccd       0x18 lut.o
                              0x71da0 (size before relaxing)
 .debug_str     0x00073ce5      0x24b main.o
                              0x726a6 (size before relaxing)
 .debug_str     0x00073f30      0x93a settings.o
                              0x730d2 (size before relaxing)
 .debug_str     0x0007486a       0x1d spi.o
                              0x726c7 (size before relaxing)
 .debug_str     0x00074887      0x23e time.o
                              0x729ae (size before relaxing)
 .debug_str     0x00074ac5       0x20 uart.o
                              0x726da (size before relaxing)
 .debug_str     0x00074ae5      0x15e ui.o
                              0x73125 (size before relaxing)

.debug_frame    0x00000000      0x918
 .debug_frame   0x00000000      0x33c AB1805.o
 .debug_frame   0x0000033c       0x3c Device_Startup/startup_samd21.o
 .debug_frame   0x00000378       0x30 Device_Startup/system_samd21.o
 .debug_frame   0x000003a8      0x124 display.o
 .debug_frame   0x000004cc       0x94 i2c.o
 .debug_frame   0x00000560       0x50 main.o
 .debug_frame   0x000005b0       0xb8 settings.o
 .debug_frame   0x00000668       0x30 spi.o
 .debug_frame   0x00000698       0x48 time.o
 .debug_frame   0x000006e0       0x48 uart.o
 .debug_frame   0x00000728       0xa0 ui.o
 .debug_frame   0x000007c8       0x20 c:/program files (x86)/atmel/studio/7.0/toolchain/arm/arm-gnu-toolchain/bin/../lib/gcc/arm-none-eabi/5.3.1/armv6-m\libgcc.a(_udivsi3.o)
 .debug_frame   0x000007e8       0x20 c:/program files (x86)/atmel/studio/7.0/toolchain/arm/arm-gnu-toolchain/bin/../lib/gcc/arm-none-eabi/5.3.1/armv6-m\libgcc.a(_divsi3.o)
 .debug_frame   0x00000808       0x2c c:/program files (x86)/atmel/studio/7.0/toolchain/arm/arm-gnu-toolchain/bin/../lib/gcc/arm-none-eabi/5.3.1/../../../../arm-none-eabi/lib/armv6-m\libc.a(lib_a-init.o)
 .debug_frame   0x00000834       0x54 c:/program files (x86)/atmel/studio/7.0/toolchain/arm/arm-gnu-toolchain/bin/../lib/gcc/arm-none-eabi/5.3.1/../../../../arm-none-eabi/lib/armv6-m\libc.a(lib_a-__call_atexit.o)
 .debug_frame   0x00000888       0x28 c:/program files (x86)/atmel/studio/7.0/toolchain/arm/arm-gnu-toolchain/bin/../lib/gcc/arm-none-eabi/5.3.1/../../../../arm-none-eabi/lib/armv6-m\libc.a(lib_a-atexit.o)
 .debug_frame   0x000008b0       0x2c c:/program files (x86)/atmel/studio/7.0/toolchain/arm/arm-gnu-toolchain/bin/../lib/gcc/arm-none-eabi/5.3.1/../../../../arm-none-eabi/lib/armv6-m\libc.a(lib_a-fini.o)
 .debug_frame   0x000008dc       0x3c c:/program files (x86)/atmel/studio/7.0/toolchain/arm/arm-gnu-toolchain/bin/../lib/gcc/arm-none-eabi/5.3.1/../../../../arm-none-eabi/lib/armv6-m\libc.a(lib_a-__atexit.o)
